// Vitest Snapshot v1, https://vitest.dev/guide/snapshot.html

exports[`Social Component > matches snapshot 1`] = `
<div
  class="custom-class"
>
  <a
    href="https://github.com/user"
  >
    <img
      alt="Github Icon"
      src="/github-icon.png"
    />
  </a>
</div>
`;
